// Jest Snapshot v1, https://goo.gl/fbAQLP

exports[`BasketSignupPlanConsumer should matches snapshot 1`] = `
<RCTScrollView
  showsVerticalScrollIndicator={false}
  style={
    Array [
      Object {
        "backgroundColor": "#FFFFFF",
        "minHeight": "100%",
      },
    ]
  }
>
  <View>
    <View
      style={
        Array [
          Object {},
        ]
      }
    >
      <View
        style={
          Array [
            Object {
              "backgroundColor": "#6CCD91",
              "flexDirection": "row",
              "height": 64,
              "paddingBottom": 0,
              "paddingLeft": "5%",
              "paddingRight": "5%",
              "paddingTop": 0,
              "width": "100%",
            },
          ]
        }
        type="normal"
      >
        <View
          style={
            Array [
              Object {
                "alignItems": "center",
                "flexDirection": "row",
                "height": 64,
                "justifyContent": "space-between",
                "width": "100%",
              },
            ]
          }
        >
          <View
            style={
              Array [
                Object {
                  "alignItems": "center",
                  "flexDirection": "row",
                },
              ]
            }
          >
            <View
              accessible={true}
              collapsable={false}
              focusable={true}
              onClick={[Function]}
              onResponderGrant={[Function]}
              onResponderMove={[Function]}
              onResponderRelease={[Function]}
              onResponderTerminate={[Function]}
              onResponderTerminationRequest={[Function]}
              onStartShouldSetResponder={[Function]}
              style={
                Object {
                  "opacity": 1,
                }
              }
            >
              <Text
                allowFontScaling={false}
                selectable={false}
                style={
                  Array [
                    Object {
                      "color": "#1A1A1A",
                      "fontSize": 24,
                    },
                    undefined,
                    Object {
                      "fontFamily": "Material Icons",
                      "fontStyle": "normal",
                      "fontWeight": "normal",
                    },
                    Object {},
                  ]
                }
              >
                
              </Text>
            </View>
            <Text
              style={
                Array [
                  Object {
                    "color": "#1A1A1A",
                    "fontFamily": "SourceSansPro-SemiBold",
                    "fontSize": 47,
                    "marginLeft": 10,
                  },
                ]
              }
            >
              Assinatura
            </Text>
          </View>
        </View>
      </View>
    </View>
    <View
      style={
        Array [
          Object {
            "alignSelf": "center",
            "paddingBottom": 24,
            "paddingLeft": 0,
            "paddingRight": 0,
            "paddingTop": 24,
            "width": "90%",
          },
        ]
      }
    >
      <Text
        style={
          Array [
            Object {
              "color": "#1A1A1A",
              "fontFamily": "SourceSansPro-SemiBold",
              "fontSize": 47,
              "marginBottom": 24,
              "textAlign": "center",
            },
          ]
        }
      >
        Vamos configurar seu plano
      </Text>
      <Text
        style={
          Array [
            Object {
              "color": "#1A1A1A",
              "fontFamily": "SourceSansPro-Regular",
              "fontSize": 27,
              "marginBottom": 16,
            },
          ]
        }
      >
        Escolha qual a frequência de recebimento ou retirada da sua cesta:
      </Text>
      <View
        style={
          Array [
            Object {},
          ]
        }
      >
        <View
          accessible={true}
          collapsable={false}
          focusable={true}
          onClick={[Function]}
          onResponderGrant={[Function]}
          onResponderMove={[Function]}
          onResponderRelease={[Function]}
          onResponderTerminate={[Function]}
          onResponderTerminationRequest={[Function]}
          onStartShouldSetResponder={[Function]}
          style={
            Object {
              "alignItems": "center",
              "borderColor": "#00843F",
              "borderRadius": 4,
              "borderStyle": "solid",
              "borderWidth": 1,
              "flexDirection": "row",
              "marginBottom": 10,
              "maxHeight": 80,
              "opacity": 1,
              "paddingBottom": 16,
              "paddingLeft": 12,
              "paddingRight": 12,
              "paddingTop": 16,
            }
          }
        >
          <Text
            allowFontScaling={false}
            selectable={false}
            style={
              Array [
                Object {
                  "color": "#3A3A3A",
                  "fontSize": 24,
                },
                undefined,
                Object {
                  "fontFamily": "Material Icons",
                  "fontStyle": "normal",
                  "fontWeight": "normal",
                },
                Object {},
              ]
            }
            testID="radio-icon-not-checked-0"
          >
            
          </Text>
          <View
            style={
              Array [
                Object {
                  "alignItems": "flex-start",
                  "flexDirection": "column",
                },
              ]
            }
          >
            <Text
              detailsOptions={false}
              style={
                Array [
                  Object {
                    "color": "#1A1A1A",
                    "fontFamily": "SourceSansPro-Regular",
                    "fontSize": 27,
                    "marginLeft": 8,
                  },
                ]
              }
            >
              Semanal
            </Text>
          </View>
        </View>
      </View>
      <View
        style={
          Array [
            Object {},
          ]
        }
      >
        <View
          accessible={true}
          collapsable={false}
          focusable={true}
          onClick={[Function]}
          onResponderGrant={[Function]}
          onResponderMove={[Function]}
          onResponderRelease={[Function]}
          onResponderTerminate={[Function]}
          onResponderTerminationRequest={[Function]}
          onStartShouldSetResponder={[Function]}
          style={
            Object {
              "alignItems": "center",
              "borderColor": "#00843F",
              "borderRadius": 4,
              "borderStyle": "solid",
              "borderWidth": 1,
              "flexDirection": "row",
              "marginBottom": 10,
              "maxHeight": 80,
              "opacity": 1,
              "paddingBottom": 16,
              "paddingLeft": 12,
              "paddingRight": 12,
              "paddingTop": 16,
            }
          }
        >
          <Text
            allowFontScaling={false}
            selectable={false}
            style={
              Array [
                Object {
                  "color": "#3A3A3A",
                  "fontSize": 24,
                },
                undefined,
                Object {
                  "fontFamily": "Material Icons",
                  "fontStyle": "normal",
                  "fontWeight": "normal",
                },
                Object {},
              ]
            }
            testID="radio-icon-not-checked-1"
          >
            
          </Text>
          <View
            style={
              Array [
                Object {
                  "alignItems": "flex-start",
                  "flexDirection": "column",
                },
              ]
            }
          >
            <Text
              detailsOptions={false}
              style={
                Array [
                  Object {
                    "color": "#1A1A1A",
                    "fontFamily": "SourceSansPro-Regular",
                    "fontSize": 27,
                    "marginLeft": 8,
                  },
                ]
              }
            >
              Quinzenal
            </Text>
          </View>
        </View>
      </View>
      <Text
        style={
          Array [
            Object {
              "alignSelf": "flex-end",
              "color": "#781B1C",
              "fontFamily": "SourceSansPro-Regular",
              "fontSize": 24,
              "marginBottom": 16,
              "marginLeft": 0,
              "marginRight": 0,
              "marginTop": -8,
            },
          ]
        }
      />
      <Text
        style={
          Array [
            Object {
              "color": "#1A1A1A",
              "fontFamily": "SourceSansPro-Regular",
              "fontSize": 27,
              "marginBottom": 16,
            },
          ]
        }
      >
        Escolha qual o tamanho deseja para sua cesta de alimentos:
      </Text>
      <View
        style={
          Array [
            Object {
              "alignSelf": "center",
              "backgroundColor": "#F2F2F8",
              "height": 1,
              "marginBottom": 16,
              "width": "100%",
            },
          ]
        }
      />
      <View
        style={
          Array [
            Object {},
          ]
        }
      >
        <View
          accessible={true}
          collapsable={false}
          focusable={true}
          onClick={[Function]}
          onResponderGrant={[Function]}
          onResponderMove={[Function]}
          onResponderRelease={[Function]}
          onResponderTerminate={[Function]}
          onResponderTerminationRequest={[Function]}
          onStartShouldSetResponder={[Function]}
          style={
            Object {
              "alignItems": "center",
              "borderColor": "#00843F",
              "borderRadius": 4,
              "borderStyle": "solid",
              "borderWidth": 1,
              "flexDirection": "row",
              "marginBottom": 10,
              "maxHeight": 80,
              "opacity": 1,
              "paddingBottom": 16,
              "paddingLeft": 12,
              "paddingRight": 12,
              "paddingTop": 16,
            }
          }
        >
          <Text
            allowFontScaling={false}
            selectable={false}
            style={
              Array [
                Object {
                  "color": "#3A3A3A",
                  "fontSize": 24,
                },
                undefined,
                Object {
                  "fontFamily": "Material Icons",
                  "fontStyle": "normal",
                  "fontWeight": "normal",
                },
                Object {},
              ]
            }
            testID="radio-icon-not-checked-0"
          >
            
          </Text>
          <View
            style={
              Array [
                Object {
                  "alignItems": "flex-start",
                  "flexDirection": "column",
                },
              ]
            }
          >
            <Text
              detailsOptions={true}
              style={
                Array [
                  Object {
                    "color": "#1A1A1A",
                    "fontFamily": "SourceSansPro-SemiBold",
                    "fontSize": 27,
                    "marginLeft": 8,
                  },
                ]
              }
            >
              Pequena
            </Text>
            <Text
              style={
                Array [
                  Object {
                    "color": "#1A1A1A",
                    "fontFamily": "SourceSansPro-Regular",
                    "fontSize": 27,
                    "marginLeft": 8,
                    "marginTop": 8,
                  },
                ]
              }
            >
              1 tempero, 2 legumes, 2 verduras , 3 frutas
            </Text>
          </View>
        </View>
      </View>
      <View
        style={
          Array [
            Object {},
          ]
        }
      >
        <View
          accessible={true}
          collapsable={false}
          focusable={true}
          onClick={[Function]}
          onResponderGrant={[Function]}
          onResponderMove={[Function]}
          onResponderRelease={[Function]}
          onResponderTerminate={[Function]}
          onResponderTerminationRequest={[Function]}
          onStartShouldSetResponder={[Function]}
          style={
            Object {
              "alignItems": "center",
              "borderColor": "#00843F",
              "borderRadius": 4,
              "borderStyle": "solid",
              "borderWidth": 1,
              "flexDirection": "row",
              "marginBottom": 10,
              "maxHeight": 80,
              "opacity": 1,
              "paddingBottom": 16,
              "paddingLeft": 12,
              "paddingRight": 12,
              "paddingTop": 16,
            }
          }
        >
          <Text
            allowFontScaling={false}
            selectable={false}
            style={
              Array [
                Object {
                  "color": "#3A3A3A",
                  "fontSize": 24,
                },
                undefined,
                Object {
                  "fontFamily": "Material Icons",
                  "fontStyle": "normal",
                  "fontWeight": "normal",
                },
                Object {},
              ]
            }
            testID="radio-icon-not-checked-1"
          >
            
          </Text>
          <View
            style={
              Array [
                Object {
                  "alignItems": "flex-start",
                  "flexDirection": "column",
                },
              ]
            }
          >
            <Text
              detailsOptions={true}
              style={
                Array [
                  Object {
                    "color": "#1A1A1A",
                    "fontFamily": "SourceSansPro-SemiBold",
                    "fontSize": 27,
                    "marginLeft": 8,
                  },
                ]
              }
            >
              Média
            </Text>
            <Text
              style={
                Array [
                  Object {
                    "color": "#1A1A1A",
                    "fontFamily": "SourceSansPro-Regular",
                    "fontSize": 27,
                    "marginLeft": 8,
                    "marginTop": 8,
                  },
                ]
              }
            >
              2 temperos, 3 legumes, 3 verduras, 3 frutas
e 1 processado
            </Text>
          </View>
        </View>
      </View>
      <View
        style={
          Array [
            Object {},
          ]
        }
      >
        <View
          accessible={true}
          collapsable={false}
          focusable={true}
          onClick={[Function]}
          onResponderGrant={[Function]}
          onResponderMove={[Function]}
          onResponderRelease={[Function]}
          onResponderTerminate={[Function]}
          onResponderTerminationRequest={[Function]}
          onStartShouldSetResponder={[Function]}
          style={
            Object {
              "alignItems": "center",
              "borderColor": "#00843F",
              "borderRadius": 4,
              "borderStyle": "solid",
              "borderWidth": 1,
              "flexDirection": "row",
              "marginBottom": 10,
              "maxHeight": 80,
              "opacity": 1,
              "paddingBottom": 16,
              "paddingLeft": 12,
              "paddingRight": 12,
              "paddingTop": 16,
            }
          }
        >
          <Text
            allowFontScaling={false}
            selectable={false}
            style={
              Array [
                Object {
                  "color": "#3A3A3A",
                  "fontSize": 24,
                },
                undefined,
                Object {
                  "fontFamily": "Material Icons",
                  "fontStyle": "normal",
                  "fontWeight": "normal",
                },
                Object {},
              ]
            }
            testID="radio-icon-not-checked-2"
          >
            
          </Text>
          <View
            style={
              Array [
                Object {
                  "alignItems": "flex-start",
                  "flexDirection": "column",
                },
              ]
            }
          >
            <Text
              detailsOptions={true}
              style={
                Array [
                  Object {
                    "color": "#1A1A1A",
                    "fontFamily": "SourceSansPro-SemiBold",
                    "fontSize": 27,
                    "marginLeft": 8,
                  },
                ]
              }
            >
              Grande
            </Text>
            <Text
              style={
                Array [
                  Object {
                    "color": "#1A1A1A",
                    "fontFamily": "SourceSansPro-Regular",
                    "fontSize": 27,
                    "marginLeft": 8,
                    "marginTop": 8,
                  },
                ]
              }
            >
              3 temperos, 4 legumes, 4 verduras, 4 frutas
e 1 processado
            </Text>
          </View>
        </View>
      </View>
      <Text
        style={
          Array [
            Object {
              "alignSelf": "flex-end",
              "color": "#781B1C",
              "fontFamily": "SourceSansPro-Regular",
              "fontSize": 24,
              "marginBottom": 16,
              "marginLeft": 0,
              "marginRight": 0,
              "marginTop": -8,
            },
          ]
        }
      />
      <Text
        style={
          Array [
            Object {
              "color": "#1A1A1A",
              "fontFamily": "SourceSansPro-Regular",
              "fontSize": 27,
              "marginBottom": 16,
            },
          ]
        }
      >
        Obs: O valor informado acima é cobrado de acordo com a frequência escolhida.
      </Text>
      <View
        accessibilityState={
          Object {
            "disabled": false,
          }
        }
        accessible={true}
        collapsable={false}
        focusable={true}
        onClick={[Function]}
        onResponderGrant={[Function]}
        onResponderMove={[Function]}
        onResponderRelease={[Function]}
        onResponderTerminate={[Function]}
        onResponderTerminationRequest={[Function]}
        onStartShouldSetResponder={[Function]}
        style={
          Object {
            "alignItems": "center",
            "alignSelf": "center",
            "backgroundColor": "#00843F",
            "borderRadius": 4,
            "flexDirection": "row",
            "height": 49,
            "justifyContent": "center",
            "marginBottom": 10,
            "opacity": 1,
            "width": 200,
          }
        }
      >
        <Text
          style={
            Array [
              Object {
                "color": "#FFFFFF",
                "fontFamily": "SourceSansPro-SemiBold",
                "fontSize": 27,
              },
            ]
          }
          textColor="white"
        >
          Próximo
        </Text>
      </View>
    </View>
  </View>
</RCTScrollView>
`;
