// Jest Snapshot v1, https://goo.gl/fbAQLP

exports[`Header should matches snapshot 1`] = `
<View
  style={
    Array [
      Object {},
    ]
  }
>
  <View
    style={
      Array [
        Object {
          "backgroundColor": "#6CCD91",
          "flexDirection": "row",
          "height": 64,
          "paddingBottom": 0,
          "paddingLeft": "5%",
          "paddingRight": "5%",
          "paddingTop": 0,
          "width": "100%",
        },
      ]
    }
    type="normal"
  >
    <View
      style={
        Array [
          Object {
            "alignItems": "center",
            "flexDirection": "row",
            "height": 64,
            "justifyContent": "space-between",
            "width": "100%",
          },
        ]
      }
    >
      <Text
        style={
          Array [
            Object {
              "color": "#1A1A1A",
              "fontFamily": "SourceSansPro-SemiBold",
              "fontSize": 47,
              "marginLeft": 10,
            },
          ]
        }
      >
        Ol√° undefined!
      </Text>
    </View>
  </View>
</View>
`;
