// Jest Snapshot v1, https://goo.gl/fbAQLP

exports[`Login should matches snapshot 1`] = `
<RCTSafeAreaView
  emulateUnlessSupported={true}
  style={
    Array [
      Object {},
    ]
  }
>
  <RCTScrollView
    showsVerticalScrollIndicator={false}
    style={
      Array [
        Object {
          "backgroundColor": "#FFFFFF",
        },
      ]
    }
  >
    <View>
      <SvgMock
        style={
          Array [
            Object {
              "alignSelf": "center",
              "marginBottom": 64,
              "marginLeft": 0,
              "marginRight": 0,
              "marginTop": 64,
            },
          ]
        }
        testID="logo"
      />
      <View
        style={
          Array [
            Object {
              "alignSelf": "center",
              "width": "90%",
            },
          ]
        }
      >
        <View
          style={
            Array [
              Object {
                "marginBottom": 10,
              },
            ]
          }
        >
          <View
            style={
              Array [
                Object {
                  "alignItems": "center",
                  "backgroundColor": "#f3fbf5",
                  "borderBottomWidth": 1,
                  "borderColor": "#3A3A3A",
                  "flexDirection": "row",
                  "height": 56,
                  "paddingBottom": 0,
                  "paddingLeft": 16,
                  "paddingRight": 16,
                  "paddingTop": 0,
                  "width": "100%",
                },
              ]
            }
          >
            <Text
              animatedStyle={
                Object {
                  "value": Object {
                    "fontSize": 14,
                    "opacity": 1,
                    "transform": Array [
                      Object {
                        "translateY": 0,
                      },
                    ],
                  },
                }
              }
              collapsable={false}
              style={
                Object {
                  "color": "#1A1A1A",
                  "fontSize": 14,
                  "opacity": 1,
                  "paddingLeft": 16,
                  "position": "absolute",
                  "transform": Array [
                    Object {
                      "translateY": 0,
                    },
                  ],
                }
              }
            >
              E-mail
            </Text>
            <TextInput
              onBlur={[Function]}
              onChangeText={[Function]}
              onFocus={[Function]}
              secureTextEntry={false}
              style={
                Array [
                  Object {
                    "flexBasis": 0,
                    "flexGrow": 1,
                    "flexShrink": 1,
                    "fontSize": 27,
                    "marginTop": 15,
                  },
                ]
              }
              testID="input-text-phoneOrEmail"
            />
          </View>
          <Text
            style={
              Array [
                Object {
                  "alignSelf": "flex-end",
                  "color": "#781B1C",
                  "fontFamily": "SourceSansPro-Regular",
                  "fontSize": 24,
                  "marginBottom": 3,
                },
              ]
            }
          />
        </View>
        <View
          style={
            Array [
              Object {
                "marginBottom": 10,
              },
            ]
          }
        >
          <View
            style={
              Array [
                Object {
                  "alignItems": "center",
                  "backgroundColor": "#f3fbf5",
                  "borderBottomWidth": 1,
                  "borderColor": "#3A3A3A",
                  "flexDirection": "row",
                  "height": 56,
                  "paddingBottom": 0,
                  "paddingLeft": 16,
                  "paddingRight": 16,
                  "paddingTop": 0,
                  "width": "100%",
                },
              ]
            }
          >
            <Text
              animatedStyle={
                Object {
                  "value": Object {
                    "fontSize": 14,
                    "opacity": 1,
                    "transform": Array [
                      Object {
                        "translateY": 0,
                      },
                    ],
                  },
                }
              }
              collapsable={false}
              style={
                Object {
                  "color": "#1A1A1A",
                  "fontSize": 14,
                  "opacity": 1,
                  "paddingLeft": 16,
                  "position": "absolute",
                  "transform": Array [
                    Object {
                      "translateY": 0,
                    },
                  ],
                }
              }
            >
              Senha
            </Text>
            <TextInput
              onBlur={[Function]}
              onChangeText={[Function]}
              onFocus={[Function]}
              secureTextEntry={true}
              style={
                Array [
                  Object {
                    "flexBasis": 0,
                    "flexGrow": 1,
                    "flexShrink": 1,
                    "fontSize": 27,
                    "marginTop": 15,
                  },
                ]
              }
              testID="input-text-password"
            />
            <View
              accessible={true}
              focusable={true}
              onClick={[Function]}
              onResponderGrant={[Function]}
              onResponderMove={[Function]}
              onResponderRelease={[Function]}
              onResponderTerminate={[Function]}
              onResponderTerminationRequest={[Function]}
              onStartShouldSetResponder={[Function]}
              style={
                Array [
                  Object {
                    "overflow": "hidden",
                  },
                  Object {
                    "backgroundColor": "#f3fbf5",
                    "borderRadius": 5,
                  },
                ]
              }
              testID="visibility-icon"
            >
              <View
                style={
                  Array [
                    Object {
                      "alignItems": "center",
                      "flexDirection": "row",
                      "justifyContent": "flex-start",
                      "padding": 8,
                    },
                    Object {
                      "backgroundColor": "#f3fbf5",
                      "borderRadius": 5,
                    },
                    undefined,
                  ]
                }
              >
                <Text
                  allowFontScaling={false}
                  selectable={false}
                  style={
                    Array [
                      Object {
                        "color": "#1A1A1A",
                        "fontSize": 20,
                      },
                      Array [
                        Object {
                          "marginRight": 10,
                        },
                        Object {
                          "marginRight": 0,
                        },
                      ],
                      Object {
                        "fontFamily": "Material Icons",
                        "fontStyle": "normal",
                        "fontWeight": "normal",
                      },
                      Object {},
                    ]
                  }
                >
                  î£´
                </Text>
              </View>
            </View>
          </View>
          <Text
            style={
              Array [
                Object {
                  "alignSelf": "flex-end",
                  "color": "#781B1C",
                  "fontFamily": "SourceSansPro-Regular",
                  "fontSize": 24,
                  "marginBottom": 3,
                },
              ]
            }
          />
        </View>
        <View
          style={
            Array [
              Object {
                "alignItems": "flex-start",
                "flexDirection": "row",
                "justifyContent": "space-between",
                "marginBottom": 20,
              },
            ]
          }
        >
          <Text
            style={
              Array [
                Object {
                  "fontFamily": "SourceSansPro-Regular",
                },
              ]
            }
          >
            Esqueceu a senha?
          </Text>
          <View
            accessibilityState={
              Object {
                "disabled": false,
              }
            }
            accessible={true}
            collapsable={false}
            focusable={true}
            onClick={[Function]}
            onResponderGrant={[Function]}
            onResponderMove={[Function]}
            onResponderRelease={[Function]}
            onResponderTerminate={[Function]}
            onResponderTerminationRequest={[Function]}
            onStartShouldSetResponder={[Function]}
            style={
              Object {
                "alignItems": "center",
                "alignSelf": "center",
                "backgroundColor": "transparent",
                "borderRadius": 4,
                "flexDirection": "row",
                "height": "auto",
                "justifyContent": "center",
                "marginBottom": 0,
                "marginLeft": 5,
                "marginRight": 5,
                "marginTop": 0,
                "opacity": 1,
                "width": "auto",
              }
            }
          >
            <Text
              style={
                Array [
                  Object {
                    "color": "#00843F",
                    "fontFamily": "SourceSansPro-SemiBold",
                    "fontSize": 27,
                  },
                ]
              }
              textColor="primary"
            >
              Recuperar senha
            </Text>
          </View>
        </View>
        <View
          accessible={true}
          collapsable={false}
          focusable={true}
          onClick={[Function]}
          onResponderGrant={[Function]}
          onResponderMove={[Function]}
          onResponderRelease={[Function]}
          onResponderTerminate={[Function]}
          onResponderTerminationRequest={[Function]}
          onStartShouldSetResponder={[Function]}
          style={
            Object {
              "alignItems": "center",
              "flexDirection": "row",
              "marginBottom": 10,
              "opacity": 1,
            }
          }
        >
          <Text
            allowFontScaling={false}
            selectable={false}
            style={
              Array [
                Object {
                  "color": "#00843F",
                  "fontSize": 24,
                },
                undefined,
                Object {
                  "fontFamily": "Material Icons",
                  "fontStyle": "normal",
                  "fontWeight": "normal",
                },
                Object {},
              ]
            }
            testID="checkbox-icon-not-checked-0"
          >
            î µ
          </Text>
          <Text
            style={
              Array [
                Object {
                  "color": "#1A1A1A",
                  "fontFamily": "SourceSansPro-Regular",
                  "fontSize": 27,
                  "marginLeft": 5,
                },
              ]
            }
          >
            Lembrar minha senha
          </Text>
        </View>
      </View>
      <View
        accessibilityState={
          Object {
            "disabled": false,
          }
        }
        accessible={true}
        collapsable={false}
        focusable={true}
        onClick={[Function]}
        onResponderGrant={[Function]}
        onResponderMove={[Function]}
        onResponderRelease={[Function]}
        onResponderTerminate={[Function]}
        onResponderTerminationRequest={[Function]}
        onStartShouldSetResponder={[Function]}
        style={
          Object {
            "alignItems": "center",
            "alignSelf": "center",
            "backgroundColor": "#00843F",
            "borderRadius": 4,
            "flexDirection": "row",
            "height": 49,
            "justifyContent": "center",
            "marginBottom": 10,
            "marginTop": 40,
            "opacity": 1,
            "width": 200,
          }
        }
      >
        <Text
          style={
            Array [
              Object {
                "color": "#FFFFFF",
                "fontFamily": "SourceSansPro-SemiBold",
                "fontSize": 27,
              },
            ]
          }
          textColor="white"
        >
          Entrar
        </Text>
      </View>
      <View
        style={
          Array [
            Object {
              "alignItems": "flex-start",
              "alignSelf": "center",
              "flexDirection": "row",
              "justifyContent": "space-between",
              "marginBottom": 20,
            },
          ]
        }
      >
        <Text
          style={
            Array [
              Object {
                "fontFamily": "SourceSansPro-Regular",
              },
            ]
          }
        >
          Ainda nÃ£o tem conta?
        </Text>
        <View
          accessibilityState={
            Object {
              "disabled": false,
            }
          }
          accessible={true}
          collapsable={false}
          focusable={true}
          onClick={[Function]}
          onResponderGrant={[Function]}
          onResponderMove={[Function]}
          onResponderRelease={[Function]}
          onResponderTerminate={[Function]}
          onResponderTerminationRequest={[Function]}
          onStartShouldSetResponder={[Function]}
          style={
            Object {
              "alignItems": "center",
              "alignSelf": "center",
              "backgroundColor": "transparent",
              "borderRadius": 4,
              "flexDirection": "row",
              "height": "auto",
              "justifyContent": "center",
              "marginBottom": 0,
              "marginLeft": 5,
              "marginRight": 5,
              "marginTop": 0,
              "opacity": 1,
              "width": "auto",
            }
          }
        >
          <Text
            style={
              Array [
                Object {
                  "color": "#00843F",
                  "fontFamily": "SourceSansPro-SemiBold",
                  "fontSize": 27,
                },
              ]
            }
            textColor="primary"
          >
            Cadastre-se
          </Text>
        </View>
      </View>
      <View
        style={
          Array [
            Object {
              "alignItems": "center",
              "alignSelf": "center",
              "borderColor": "#00843F",
              "borderRadius": 5,
              "borderStyle": "solid",
              "borderWidth": 1,
              "justifyContent": "space-between",
              "marginBottom": 50,
              "paddingBottom": 24,
              "paddingLeft": 24,
              "paddingRight": 24,
              "paddingTop": 24,
              "width": "90%",
            },
          ]
        }
      >
        <Text
          style={
            Array [
              Object {
                "color": "#1A1A1A",
                "fontFamily": "SourceSansPro-Regular",
                "fontSize": 27,
                "marginBottom": 20,
              },
            ]
          }
        >
          Para saber mais sobre os projetos e instituiÃ§Ãµes que estamos ajudando, acesse o nosso site.
        </Text>
        <View
          accessibilityState={
            Object {
              "disabled": false,
            }
          }
          accessible={true}
          collapsable={false}
          focusable={true}
          onClick={[Function]}
          onResponderGrant={[Function]}
          onResponderMove={[Function]}
          onResponderRelease={[Function]}
          onResponderTerminate={[Function]}
          onResponderTerminationRequest={[Function]}
          onStartShouldSetResponder={[Function]}
          style={
            Object {
              "alignItems": "center",
              "alignSelf": "center",
              "backgroundColor": "transparent",
              "borderColor": "#00843F",
              "borderRadius": 4,
              "borderStyle": "solid",
              "borderWidth": 1,
              "flexDirection": "row",
              "height": 38,
              "justifyContent": "center",
              "marginBottom": 10,
              "opacity": 1,
              "width": 90,
            }
          }
          testID="button"
        >
          <Text
            style={
              Array [
                Object {
                  "color": "#00843F",
                  "fontFamily": "SourceSansPro-SemiBold",
                  "fontSize": 27,
                },
              ]
            }
            textColor="primary"
          >
            Ir para o site
          </Text>
        </View>
      </View>
    </View>
  </RCTScrollView>
</RCTSafeAreaView>
`;
