// Jest Snapshot v1, https://goo.gl/fbAQLP

exports[`HomeDonationConsumer should matches snapshot 1`] = `
<RCTScrollView
  showsVerticalScrollIndicator={false}
  style={
    Array [
      Object {
        "backgroundColor": "#FFFFFF",
        "minHeight": "100%",
      },
    ]
  }
>
  <View>
    <View
      style={
        Array [
          Object {},
        ]
      }
    >
      <View
        style={
          Array [
            Object {
              "backgroundColor": "#6CCD91",
              "flexDirection": "row",
              "height": 64,
              "paddingBottom": 0,
              "paddingLeft": "5%",
              "paddingRight": "5%",
              "paddingTop": 0,
              "width": "100%",
            },
          ]
        }
        type="normal"
      >
        <View
          style={
            Array [
              Object {
                "alignItems": "center",
                "flexDirection": "row",
                "height": 64,
                "justifyContent": "space-between",
                "width": "100%",
              },
            ]
          }
        >
          <View
            style={
              Array [
                Object {
                  "alignItems": "center",
                  "flexDirection": "row",
                },
              ]
            }
          >
            <View
              accessible={true}
              collapsable={false}
              focusable={true}
              onClick={[Function]}
              onResponderGrant={[Function]}
              onResponderMove={[Function]}
              onResponderRelease={[Function]}
              onResponderTerminate={[Function]}
              onResponderTerminationRequest={[Function]}
              onStartShouldSetResponder={[Function]}
              style={
                Object {
                  "opacity": 1,
                }
              }
            >
              <Text
                allowFontScaling={false}
                selectable={false}
                style={
                  Array [
                    Object {
                      "color": "#1A1A1A",
                      "fontSize": 24,
                    },
                    undefined,
                    Object {
                      "fontFamily": "Material Icons",
                      "fontStyle": "normal",
                      "fontWeight": "normal",
                    },
                    Object {},
                  ]
                }
              >
                
              </Text>
            </View>
            <Text
              style={
                Array [
                  Object {
                    "color": "#1A1A1A",
                    "fontFamily": "SourceSansPro-SemiBold",
                    "fontSize": 47,
                    "marginLeft": 10,
                  },
                ]
              }
            >
              Doações
            </Text>
          </View>
        </View>
      </View>
    </View>
    <View
      style={
        Array [
          Object {
            "alignSelf": "center",
            "paddingBottom": 24,
            "paddingLeft": 0,
            "paddingRight": 0,
            "paddingTop": 24,
            "width": "90%",
          },
        ]
      }
    >
      <View
        style={
          Array [
            Object {
              "alignItems": "center",
              "borderColor": "#00843F",
              "borderRadius": 4,
              "borderStyle": "solid",
              "borderWidth": 1,
              "flexDirection": "row",
              "justifyContent": "space-between",
              "marginBottom": 16,
              "minHeight": 80,
              "paddingBottom": 16,
              "paddingLeft": 16,
              "paddingRight": 16,
              "paddingTop": 16,
            },
          ]
        }
      >
        <Text
          style={
            Array [
              Object {
                "color": "#1A1A1A",
                "fontFamily": "SourceSansPro-SemiBold",
                "fontSize": 31,
                "width": "80%",
              },
            ]
          }
        >
          Saldo de moedas Horticoins gerados da sua cesta
        </Text>
        <Text
          style={
            Array [
              Object {
                "color": "#1A1A1A",
                "fontFamily": "SourceSansPro-SemiBold",
                "fontSize": 47,
                "width": "10%",
              },
            ]
          }
        >
          0
        </Text>
        <Text
          allowFontScaling={false}
          selectable={false}
          style={
            Array [
              Object {
                "color": "#00843F",
                "fontSize": 24,
              },
              Array [
                Object {
                  "width": "10%",
                },
              ],
              Object {
                "fontFamily": "Material Icons",
                "fontStyle": "normal",
                "fontWeight": "normal",
              },
              Object {},
            ]
          }
        >
          
        </Text>
      </View>
      <Text
        style={
          Array [
            Object {
              "color": "#1A1A1A",
              "fontFamily": "SourceSansPro-SemiBold",
              "fontSize": 31,
              "marginBottom": 8,
            },
          ]
        }
      >
        Ajude no combate a fome
      </Text>
      <Text
        style={
          Array [
            Object {
              "color": "#1A1A1A",
              "fontFamily": "SourceSansPro-Regular",
              "fontSize": 27,
            },
          ]
        }
      >
        Veja abaixo as instituições e projetos cadastrados na nossa rede e ajude-nos a atingir a meta do mês doando suas Horticoins que serão convertidas em alimentos.
      </Text>
      <View
        style={
          Array [
            Object {
              "flexDirection": "row",
              "justifyContent": "space-between",
              "marginBottom": 16,
              "marginLeft": 0,
              "marginRight": 0,
              "marginTop": 16,
            },
          ]
        }
      >
        <View
          accessible={true}
          collapsable={false}
          focusable={true}
          onClick={[Function]}
          onResponderGrant={[Function]}
          onResponderMove={[Function]}
          onResponderRelease={[Function]}
          onResponderTerminate={[Function]}
          onResponderTerminationRequest={[Function]}
          onStartShouldSetResponder={[Function]}
          style={
            Object {
              "alignItems": "center",
              "opacity": 1,
              "width": "48%",
            }
          }
        >
          <Image
            source={
              Object {
                "testUri": "../../../src/assets/images/ong_1.png",
              }
            }
            style={
              Array [
                Object {
                  "borderRadius": 4,
                  "height": 130,
                  "marginBottom": 5,
                  "width": "100%",
                },
              ]
            }
            testID="card-ong-image"
          />
          <View
            style={
              Array [
                Object {
                  "backgroundColor": "#FBEBE8",
                  "borderRadius": 8,
                  "height": 12,
                  "marginBottom": 8,
                  "marginLeft": 0,
                  "marginRight": 0,
                  "marginTop": 8,
                  "width": "100%",
                },
              ]
            }
          >
            <View
              style={
                Array [
                  Object {
                    "backgroundColor": "#FFB394",
                    "borderRadius": 8,
                    "height": 12,
                    "width": "80%",
                  },
                ]
              }
            />
          </View>
          <Text
            style={
              Array [
                Object {
                  "color": "#1A1A1A",
                  "fontFamily": "SourceSansPro-SemiBold",
                  "fontSize": 27,
                },
              ]
            }
          >
            ONG Comida na mesa
          </Text>
        </View>
        <View
          accessible={true}
          collapsable={false}
          focusable={true}
          onClick={[Function]}
          onResponderGrant={[Function]}
          onResponderMove={[Function]}
          onResponderRelease={[Function]}
          onResponderTerminate={[Function]}
          onResponderTerminationRequest={[Function]}
          onStartShouldSetResponder={[Function]}
          style={
            Object {
              "alignItems": "center",
              "opacity": 1,
              "width": "48%",
            }
          }
        >
          <Image
            source={
              Object {
                "testUri": "../../../src/assets/images/ong_2.png",
              }
            }
            style={
              Array [
                Object {
                  "borderRadius": 4,
                  "height": 130,
                  "marginBottom": 5,
                  "width": "100%",
                },
              ]
            }
            testID="card-ong-image"
          />
          <View
            style={
              Array [
                Object {
                  "backgroundColor": "#FBEBE8",
                  "borderRadius": 8,
                  "height": 12,
                  "marginBottom": 8,
                  "marginLeft": 0,
                  "marginRight": 0,
                  "marginTop": 8,
                  "width": "100%",
                },
              ]
            }
          >
            <View
              style={
                Array [
                  Object {
                    "backgroundColor": "#FFB394",
                    "borderRadius": 8,
                    "height": 12,
                    "width": "80%",
                  },
                ]
              }
            />
          </View>
          <Text
            style={
              Array [
                Object {
                  "color": "#1A1A1A",
                  "fontFamily": "SourceSansPro-SemiBold",
                  "fontSize": 27,
                },
              ]
            }
          >
            ONG Criança sem fome
          </Text>
        </View>
      </View>
      <View
        style={
          Array [
            Object {
              "backgroundColor": "#FFFFFF",
              "borderColor": "#F2F2F8",
              "borderRadius": 4,
              "borderStyle": "solid",
              "borderWidth": 1,
              "paddingBottom": 16,
              "paddingLeft": 8,
              "paddingRight": 8,
              "paddingTop": 16,
            },
            Object {
              "elevation": 4,
            },
          ]
        }
      >
        <Text
          style={
            Array [
              Object {
                "marginBottom": 16,
              },
            ]
          }
        >
          Para saber mais sobre os projetos e instituições que estamos ajudando, acesse o nosso site.
        </Text>
        <View
          accessibilityState={
            Object {
              "disabled": false,
            }
          }
          accessible={true}
          collapsable={false}
          focusable={true}
          onClick={[Function]}
          onResponderGrant={[Function]}
          onResponderMove={[Function]}
          onResponderRelease={[Function]}
          onResponderTerminate={[Function]}
          onResponderTerminationRequest={[Function]}
          onStartShouldSetResponder={[Function]}
          style={
            Object {
              "alignItems": "center",
              "alignSelf": "center",
              "backgroundColor": "transparent",
              "borderColor": "#00843F",
              "borderRadius": 4,
              "borderStyle": "solid",
              "borderWidth": 1,
              "flexDirection": "row",
              "height": 38,
              "justifyContent": "center",
              "marginBottom": 10,
              "opacity": 1,
              "width": 90,
            }
          }
        >
          <Text
            style={
              Array [
                Object {
                  "color": "#00843F",
                  "fontFamily": "SourceSansPro-SemiBold",
                  "fontSize": 27,
                },
              ]
            }
            textColor="primary"
          >
            Ir para site
          </Text>
        </View>
      </View>
    </View>
  </View>
</RCTScrollView>
`;
